[2m15:27:44[22m [31m[1m[vite][22m[39m [31mhttp proxy error: /api/track[39m
AggregateError [ECONNREFUSED]: 
    at internalConnectMultiple (node:net:1134:18)
    at afterConnectMultiple (node:net:1715:7)
[2m15:27:44[22m [31m[1m[vite][22m[39m [31mhttp proxy error: /api/track[39m
AggregateError [ECONNREFUSED]: 
    at internalConnectMultiple (node:net:1134:18)
    at afterConnectMultiple (node:net:1715:7)
[2m15:27:55[22m [31m[1m[vite][22m[39m [31mhttp proxy error: /api/track[39m
AggregateError [ECONNREFUSED]: 
    at internalConnectMultiple (node:net:1134:18)
    at afterConnectMultiple (node:net:1715:7)
[2m15:27:55[22m [31m[1m[vite][22m[39m [31mhttp proxy error: /api/track[39m
AggregateError [ECONNREFUSED]: 
    at internalConnectMultiple (node:net:1134:18)
    at afterConnectMultiple (node:net:1715:7)
[2m15:27:55[22m [31m[1m[vite][22m[39m [31mhttp proxy error: /api/track[39m
AggregateError [ECONNREFUSED]: 
    at internalConnectMultiple (node:net:1134:18)
    at afterConnectMultiple (node:net:1715:7)
[2m15:27:55[22m [31m[1m[vite][22m[39m [31mhttp proxy error: /api/track[39m
AggregateError [ECONNREFUSED]: 
    at internalConnectMultiple (node:net:1134:18)
    at afterConnectMultiple (node:net:1715:7)
[2m15:27:56[22m [31m[1m[vite][22m[39m [31mhttp proxy error: /api/pdfs[39m
AggregateError [ECONNREFUSED]: 
    at internalConnectMultiple (node:net:1134:18)
    at afterConnectMultiple (node:net:1715:7)
[2m15:27:56[22m [31m[1m[vite][22m[39m [31mhttp proxy error: /api/health[39m
AggregateError [ECONNREFUSED]: 
    at internalConnectMultiple (node:net:1134:18)
    at afterConnectMultiple (node:net:1715:7)
[2m15:27:56[22m [31m[1m[vite][22m[39m [31mhttp proxy error: /api/companies[39m
AggregateError [ECONNREFUSED]: 
    at internalConnectMultiple (node:net:1134:18)
    at afterConnectMultiple (node:net:1715:7)
[2m15:27:56[22m [31m[1m[vite][22m[39m [31mhttp proxy error: /api/reports[39m
AggregateError [ECONNREFUSED]: 
    at internalConnectMultiple (node:net:1134:18)
    at afterConnectMultiple (node:net:1715:7)
[2m15:27:56[22m [31m[1m[vite][22m[39m [31mhttp proxy error: /api/pdfs[39m
AggregateError [ECONNREFUSED]: 
    at internalConnectMultiple (node:net:1134:18)
    at afterConnectMultiple (node:net:1715:7)
[2m15:27:58[22m [31m[1m[vite][22m[39m [31mhttp proxy error: /api/pdfs[39m
AggregateError [ECONNREFUSED]: 
    at internalConnectMultiple (node:net:1134:18)
    at afterConnectMultiple (node:net:1715:7)
[2m15:27:59[22m [31m[1m[vite][22m[39m [31mhttp proxy error: /api/track[39m
AggregateError [ECONNREFUSED]: 
    at internalConnectMultiple (node:net:1134:18)
    at afterConnectMultiple (node:net:1715:7)
[2m15:27:59[22m [31m[1m[vite][22m[39m [31mhttp proxy error: /api/health[39m
AggregateError [ECONNREFUSED]: 
    at internalConnectMultiple (node:net:1134:18)
    at afterConnectMultiple (node:net:1715:7)
[2m15:27:59[22m [31m[1m[vite][22m[39m [31mhttp proxy error: /api/track[39m
AggregateError [ECONNREFUSED]: 
    at internalConnectMultiple (node:net:1134:18)
    at afterConnectMultiple (node:net:1715:7)
[2m15:27:59[22m [31m[1m[vite][22m[39m [31mhttp proxy error: /api/companies[39m
AggregateError [ECONNREFUSED]: 
    at internalConnectMultiple (node:net:1134:18)
    at afterConnectMultiple (node:net:1715:7)
[2m15:27:59[22m [31m[1m[vite][22m[39m [31mhttp proxy error: /api/reports[39m
AggregateError [ECONNREFUSED]: 
    at internalConnectMultiple (node:net:1134:18)
    at afterConnectMultiple (node:net:1715:7)
[2m15:27:59[22m [31m[1m[vite][22m[39m [31mhttp proxy error: /api/pdfs[39m
AggregateError [ECONNREFUSED]: 
    at internalConnectMultiple (node:net:1134:18)
    at afterConnectMultiple (node:net:1715:7)
[2m15:27:59[22m [31m[1m[vite][22m[39m [31mhttp proxy error: /api/health[39m
AggregateError [ECONNREFUSED]: 
    at internalConnectMultiple (node:net:1134:18)
    at afterConnectMultiple (node:net:1715:7)
[2m15:27:59[22m [31m[1m[vite][22m[39m [31mhttp proxy error: /api/companies[39m
AggregateError [ECONNREFUSED]: 
    at internalConnectMultiple (node:net:1134:18)
    at afterConnectMultiple (node:net:1715:7)
[2m15:27:59[22m [31m[1m[vite][22m[39m [31mhttp proxy error: /api/reports[39m
AggregateError [ECONNREFUSED]: 
    at internalConnectMultiple (node:net:1134:18)
    at afterConnectMultiple (node:net:1715:7)
[2m15:29:58[22m [31m[1m[vite][22m[39m [31mhttp proxy error: /api/pdfs[39m
AggregateError [ECONNREFUSED]: 
    at internalConnectMultiple (node:net:1134:18)
    at afterConnectMultiple (node:net:1715:7)
[2m15:29:58[22m [31m[1m[vite][22m[39m [31mhttp proxy error: /api/track[39m
AggregateError [ECONNREFUSED]: 
    at internalConnectMultiple (node:net:1134:18)
    at afterConnectMultiple (node:net:1715:7)
[2m15:29:58[22m [31m[1m[vite][22m[39m [31mhttp proxy error: /api/track[39m
AggregateError [ECONNREFUSED]: 
    at internalConnectMultiple (node:net:1134:18)
    at afterConnectMultiple (node:net:1715:7)
[2m15:29:58[22m [31m[1m[vite][22m[39m [31mhttp proxy error: /api/companies[39m
AggregateError [ECONNREFUSED]: 
    at internalConnectMultiple (node:net:1134:18)
    at afterConnectMultiple (node:net:1715:7)
[2m15:29:58[22m [31m[1m[vite][22m[39m [31mhttp proxy error: /api/health[39m
AggregateError [ECONNREFUSED]: 
    at internalConnectMultiple (node:net:1134:18)
    at afterConnectMultiple (node:net:1715:7)
[2m15:29:58[22m [31m[1m[vite][22m[39m [31mhttp proxy error: /api/reports[39m
AggregateError [ECONNREFUSED]: 
    at internalConnectMultiple (node:net:1134:18)
    at afterConnectMultiple (node:net:1715:7)
[2m15:29:58[22m [31m[1m[vite][22m[39m [31mhttp proxy error: /api/pdfs[39m
AggregateError [ECONNREFUSED]: 
    at internalConnectMultiple (node:net:1134:18)
    at afterConnectMultiple (node:net:1715:7)
[2m15:29:58[22m [31m[1m[vite][22m[39m [31mhttp proxy error: /api/companies[39m
AggregateError [ECONNREFUSED]: 
    at internalConnectMultiple (node:net:1134:18)
    at afterConnectMultiple (node:net:1715:7)
[2m15:29:58[22m [31m[1m[vite][22m[39m [31mhttp proxy error: /api/health[39m
AggregateError [ECONNREFUSED]: 
    at internalConnectMultiple (node:net:1134:18)
    at afterConnectMultiple (node:net:1715:7)
[2m15:29:58[22m [31m[1m[vite][22m[39m [31mhttp proxy error: /api/reports[39m
AggregateError [ECONNREFUSED]: 
    at internalConnectMultiple (node:net:1134:18)
    at afterConnectMultiple (node:net:1715:7)
[2m15:30:36[22m [31m[1m[vite][22m[39m [31mhttp proxy error: /api/pdfs[39m
AggregateError [ECONNREFUSED]: 
    at internalConnectMultiple (node:net:1134:18)
    at afterConnectMultiple (node:net:1715:7)
[2m15:30:36[22m [31m[1m[vite][22m[39m [31mhttp proxy error: /api/track[39m
AggregateError [ECONNREFUSED]: 
    at internalConnectMultiple (node:net:1134:18)
    at afterConnectMultiple (node:net:1715:7)
[2m15:30:36[22m [31m[1m[vite][22m[39m [31mhttp proxy error: /api/track[39m
AggregateError [ECONNREFUSED]: 
    at internalConnectMultiple (node:net:1134:18)
    at afterConnectMultiple (node:net:1715:7)
[2m15:30:36[22m [31m[1m[vite][22m[39m [31mhttp proxy error: /api/health[39m
AggregateError [ECONNREFUSED]: 
    at internalConnectMultiple (node:net:1134:18)
    at afterConnectMultiple (node:net:1715:7)
[2m15:30:36[22m [31m[1m[vite][22m[39m [31mhttp proxy error: /api/companies[39m
AggregateError [ECONNREFUSED]: 
    at internalConnectMultiple (node:net:1134:18)
    at afterConnectMultiple (node:net:1715:7)
[2m15:30:36[22m [31m[1m[vite][22m[39m [31mhttp proxy error: /api/reports[39m
AggregateError [ECONNREFUSED]: 
    at internalConnectMultiple (node:net:1134:18)
    at afterConnectMultiple (node:net:1715:7)
[2m15:30:36[22m [31m[1m[vite][22m[39m [31mhttp proxy error: /api/pdfs[39m
AggregateError [ECONNREFUSED]: 
    at internalConnectMultiple (node:net:1134:18)
    at afterConnectMultiple (node:net:1715:7)
[2m15:30:36[22m [31m[1m[vite][22m[39m [31mhttp proxy error: /api/health[39m
AggregateError [ECONNREFUSED]: 
    at internalConnectMultiple (node:net:1134:18)
    at afterConnectMultiple (node:net:1715:7)
[2m15:30:36[22m [31m[1m[vite][22m[39m [31mhttp proxy error: /api/reports[39m
AggregateError [ECONNREFUSED]: 
    at internalConnectMultiple (node:net:1134:18)
    at afterConnectMultiple (node:net:1715:7)
[2m15:30:36[22m [31m[1m[vite][22m[39m [31mhttp proxy error: /api/companies[39m
AggregateError [ECONNREFUSED]: 
    at internalConnectMultiple (node:net:1134:18)
    at afterConnectMultiple (node:net:1715:7)
[2m15:30:37[22m [31m[1m[vite][22m[39m [31mhttp proxy error: /api/pdfs[39m
AggregateError [ECONNREFUSED]: 
    at internalConnectMultiple (node:net:1134:18)
    at afterConnectMultiple (node:net:1715:7)
[2m15:30:37[22m [31m[1m[vite][22m[39m [31mhttp proxy error: /api/health[39m
AggregateError [ECONNREFUSED]: 
    at internalConnectMultiple (node:net:1134:18)
    at afterConnectMultiple (node:net:1715:7)
[2m15:30:37[22m [31m[1m[vite][22m[39m [31mhttp proxy error: /api/track[39m
AggregateError [ECONNREFUSED]: 
    at internalConnectMultiple (node:net:1134:18)
    at afterConnectMultiple (node:net:1715:7)
[2m15:30:37[22m [31m[1m[vite][22m[39m [31mhttp proxy error: /api/companies[39m
AggregateError [ECONNREFUSED]: 
    at internalConnectMultiple (node:net:1134:18)
    at afterConnectMultiple (node:net:1715:7)
[2m15:30:37[22m [31m[1m[vite][22m[39m [31mhttp proxy error: /api/reports[39m
AggregateError [ECONNREFUSED]: 
    at internalConnectMultiple (node:net:1134:18)
    at afterConnectMultiple (node:net:1715:7)
[2m15:30:37[22m [31m[1m[vite][22m[39m [31mhttp proxy error: /api/track[39m
AggregateError [ECONNREFUSED]: 
    at internalConnectMultiple (node:net:1134:18)
    at afterConnectMultiple (node:net:1715:7)
[2m15:30:37[22m [31m[1m[vite][22m[39m [31mhttp proxy error: /api/pdfs[39m
AggregateError [ECONNREFUSED]: 
    at internalConnectMultiple (node:net:1134:18)
    at afterConnectMultiple (node:net:1715:7)
[2m15:30:37[22m [31m[1m[vite][22m[39m [31mhttp proxy error: /api/health[39m
AggregateError [ECONNREFUSED]: 
    at internalConnectMultiple (node:net:1134:18)
    at afterConnectMultiple (node:net:1715:7)
[2m15:30:37[22m [31m[1m[vite][22m[39m [31mhttp proxy error: /api/companies[39m
AggregateError [ECONNREFUSED]: 
    at internalConnectMultiple (node:net:1134:18)
    at afterConnectMultiple (node:net:1715:7)
[2m15:30:37[22m [31m[1m[vite][22m[39m [31mhttp proxy error: /api/reports[39m
AggregateError [ECONNREFUSED]: 
    at internalConnectMultiple (node:net:1134:18)
    at afterConnectMultiple (node:net:1715:7)
[2m15:30:39[22m [31m[1m[vite][22m[39m [31mhttp proxy error: /api/pdfs[39m
AggregateError [ECONNREFUSED]: 
    at internalConnectMultiple (node:net:1134:18)
    at afterConnectMultiple (node:net:1715:7)
[2m15:30:39[22m [31m[1m[vite][22m[39m [31mhttp proxy error: /api/health[39m
AggregateError [ECONNREFUSED]: 
    at internalConnectMultiple (node:net:1134:18)
    at afterConnectMultiple (node:net:1715:7)
[2m15:30:39[22m [31m[1m[vite][22m[39m [31mhttp proxy error: /api/companies[39m
AggregateError [ECONNREFUSED]: 
    at internalConnectMultiple (node:net:1134:18)
    at afterConnectMultiple (node:net:1715:7)
[2m15:30:39[22m [31m[1m[vite][22m[39m [31mhttp proxy error: /api/track[39m
AggregateError [ECONNREFUSED]: 
    at internalConnectMultiple (node:net:1134:18)
    at afterConnectMultiple (node:net:1715:7)
[2m15:30:39[22m [31m[1m[vite][22m[39m [31mhttp proxy error: /api/track[39m
AggregateError [ECONNREFUSED]: 
    at internalConnectMultiple (node:net:1134:18)
    at afterConnectMultiple (node:net:1715:7)
[2m15:30:39[22m [31m[1m[vite][22m[39m [31mhttp proxy error: /api/reports[39m
AggregateError [ECONNREFUSED]: 
    at internalConnectMultiple (node:net:1134:18)
    at afterConnectMultiple (node:net:1715:7)
[2m15:30:39[22m [31m[1m[vite][22m[39m [31mhttp proxy error: /api/pdfs[39m
AggregateError [ECONNREFUSED]: 
    at internalConnectMultiple (node:net:1134:18)
    at afterConnectMultiple (node:net:1715:7)
[2m15:30:39[22m [31m[1m[vite][22m[39m [31mhttp proxy error: /api/health[39m
AggregateError [ECONNREFUSED]: 
    at internalConnectMultiple (node:net:1134:18)
    at afterConnectMultiple (node:net:1715:7)
[2m15:30:39[22m [31m[1m[vite][22m[39m [31mhttp proxy error: /api/companies[39m
AggregateError [ECONNREFUSED]: 
    at internalConnectMultiple (node:net:1134:18)
    at afterConnectMultiple (node:net:1715:7)
[2m15:30:39[22m [31m[1m[vite][22m[39m [31mhttp proxy error: /api/reports[39m
AggregateError [ECONNREFUSED]: 
    at internalConnectMultiple (node:net:1134:18)
    at afterConnectMultiple (node:net:1715:7)
[2m19:14:31[22m [31m[1m[vite][22m[39m [31mhttp proxy error: /api/pdfs[39m
AggregateError [ECONNREFUSED]: 
    at internalConnectMultiple (node:net:1134:18)
    at afterConnectMultiple (node:net:1715:7)
[2m19:14:31[22m [31m[1m[vite][22m[39m [31mhttp proxy error: /api/health[39m
AggregateError [ECONNREFUSED]: 
    at internalConnectMultiple (node:net:1134:18)
    at afterConnectMultiple (node:net:1715:7)
[2m19:14:31[22m [31m[1m[vite][22m[39m [31mhttp proxy error: /api/track[39m
AggregateError [ECONNREFUSED]: 
    at internalConnectMultiple (node:net:1134:18)
    at afterConnectMultiple (node:net:1715:7)
[2m19:14:31[22m [31m[1m[vite][22m[39m [31mhttp proxy error: /api/companies[39m
AggregateError [ECONNREFUSED]: 
    at internalConnectMultiple (node:net:1134:18)
    at afterConnectMultiple (node:net:1715:7)
[2m19:14:31[22m [31m[1m[vite][22m[39m [31mhttp proxy error: /api/reports[39m
AggregateError [ECONNREFUSED]: 
    at internalConnectMultiple (node:net:1134:18)
    at afterConnectMultiple (node:net:1715:7)
[2m19:14:31[22m [31m[1m[vite][22m[39m [31mhttp proxy error: /api/track[39m
AggregateError [ECONNREFUSED]: 
    at internalConnectMultiple (node:net:1134:18)
    at afterConnectMultiple (node:net:1715:7)
[2m19:14:31[22m [31m[1m[vite][22m[39m [31mhttp proxy error: /api/pdfs[39m
AggregateError [ECONNREFUSED]: 
    at internalConnectMultiple (node:net:1134:18)
    at afterConnectMultiple (node:net:1715:7)
[2m19:14:31[22m [31m[1m[vite][22m[39m [31mhttp proxy error: /api/health[39m
AggregateError [ECONNREFUSED]: 
    at internalConnectMultiple (node:net:1134:18)
    at afterConnectMultiple (node:net:1715:7)
[2m19:14:31[22m [31m[1m[vite][22m[39m [31mhttp proxy error: /api/companies[39m
AggregateError [ECONNREFUSED]: 
    at internalConnectMultiple (node:net:1134:18)
    at afterConnectMultiple (node:net:1715:7)
[2m19:14:31[22m [31m[1m[vite][22m[39m [31mhttp proxy error: /api/reports[39m
AggregateError [ECONNREFUSED]: 
    at internalConnectMultiple (node:net:1134:18)
    at afterConnectMultiple (node:net:1715:7)
[2m19:15:05[22m [31m[1m[vite][22m[39m [31mhttp proxy error: /api/pdfs[39m
AggregateError [ECONNREFUSED]: 
    at internalConnectMultiple (node:net:1134:18)
    at afterConnectMultiple (node:net:1715:7)
[2m19:15:05[22m [31m[1m[vite][22m[39m [31mhttp proxy error: /api/health[39m
AggregateError [ECONNREFUSED]: 
    at internalConnectMultiple (node:net:1134:18)
    at afterConnectMultiple (node:net:1715:7)
[2m19:15:05[22m [31m[1m[vite][22m[39m [31mhttp proxy error: /api/companies[39m
AggregateError [ECONNREFUSED]: 
    at internalConnectMultiple (node:net:1134:18)
    at afterConnectMultiple (node:net:1715:7)
[2m19:15:05[22m [31m[1m[vite][22m[39m [31mhttp proxy error: /api/reports[39m
AggregateError [ECONNREFUSED]: 
    at internalConnectMultiple (node:net:1134:18)
    at afterConnectMultiple (node:net:1715:7)
[2m19:15:05[22m [31m[1m[vite][22m[39m [31mhttp proxy error: /api/track[39m
AggregateError [ECONNREFUSED]: 
    at internalConnectMultiple (node:net:1134:18)
    at afterConnectMultiple (node:net:1715:7)
[2m19:15:05[22m [31m[1m[vite][22m[39m [31mhttp proxy error: /api/track[39m
AggregateError [ECONNREFUSED]: 
    at internalConnectMultiple (node:net:1134:18)
    at afterConnectMultiple (node:net:1715:7)
[2m19:15:05[22m [31m[1m[vite][22m[39m [31mhttp proxy error: /api/pdfs[39m
AggregateError [ECONNREFUSED]: 
    at internalConnectMultiple (node:net:1134:18)
    at afterConnectMultiple (node:net:1715:7)
[2m19:15:05[22m [31m[1m[vite][22m[39m [31mhttp proxy error: /api/health[39m
AggregateError [ECONNREFUSED]: 
    at internalConnectMultiple (node:net:1134:18)
    at afterConnectMultiple (node:net:1715:7)
[2m19:15:05[22m [31m[1m[vite][22m[39m [31mhttp proxy error: /api/companies[39m
AggregateError [ECONNREFUSED]: 
    at internalConnectMultiple (node:net:1134:18)
    at afterConnectMultiple (node:net:1715:7)
[2m19:15:05[22m [31m[1m[vite][22m[39m [31mhttp proxy error: /api/reports[39m
AggregateError [ECONNREFUSED]: 
    at internalConnectMultiple (node:net:1134:18)
    at afterConnectMultiple (node:net:1715:7)
[2m19:21:07[22m [31m[1m[vite][22m[39m [31mhttp proxy error: /api/pdfs[39m
AggregateError [ECONNREFUSED]: 
    at internalConnectMultiple (node:net:1134:18)
    at afterConnectMultiple (node:net:1715:7)
[2m19:21:07[22m [31m[1m[vite][22m[39m [31mhttp proxy error: /api/health[39m
AggregateError [ECONNREFUSED]: 
    at internalConnectMultiple (node:net:1134:18)
    at afterConnectMultiple (node:net:1715:7)
[2m19:21:07[22m [31m[1m[vite][22m[39m [31mhttp proxy error: /api/companies[39m
AggregateError [ECONNREFUSED]: 
    at internalConnectMultiple (node:net:1134:18)
    at afterConnectMultiple (node:net:1715:7)
[2m19:21:07[22m [31m[1m[vite][22m[39m [31mhttp proxy error: /api/track[39m
AggregateError [ECONNREFUSED]: 
    at internalConnectMultiple (node:net:1134:18)
    at afterConnectMultiple (node:net:1715:7)
[2m19:21:07[22m [31m[1m[vite][22m[39m [31mhttp proxy error: /api/reports[39m
AggregateError [ECONNREFUSED]: 
    at internalConnectMultiple (node:net:1134:18)
    at afterConnectMultiple (node:net:1715:7)
[2m19:21:07[22m [31m[1m[vite][22m[39m [31mhttp proxy error: /api/track[39m
AggregateError [ECONNREFUSED]: 
    at internalConnectMultiple (node:net:1134:18)
    at afterConnectMultiple (node:net:1715:7)
[2m19:21:07[22m [31m[1m[vite][22m[39m [31mhttp proxy error: /api/pdfs[39m
AggregateError [ECONNREFUSED]: 
    at internalConnectMultiple (node:net:1134:18)
    at afterConnectMultiple (node:net:1715:7)
[2m19:21:07[22m [31m[1m[vite][22m[39m [31mhttp proxy error: /api/health[39m
AggregateError [ECONNREFUSED]: 
    at internalConnectMultiple (node:net:1134:18)
    at afterConnectMultiple (node:net:1715:7)
[2m19:21:07[22m [31m[1m[vite][22m[39m [31mhttp proxy error: /api/companies[39m
AggregateError [ECONNREFUSED]: 
    at internalConnectMultiple (node:net:1134:18)
    at afterConnectMultiple (node:net:1715:7)
[2m19:21:07[22m [31m[1m[vite][22m[39m [31mhttp proxy error: /api/reports[39m
AggregateError [ECONNREFUSED]: 
    at internalConnectMultiple (node:net:1134:18)
    at afterConnectMultiple (node:net:1715:7)
[2m20:06:28[22m [31m[1m[vite][22m[39m [31mhttp proxy error: /api/track[39m
AggregateError [ECONNREFUSED]: 
    at internalConnectMultiple (node:net:1134:18)
    at afterConnectMultiple (node:net:1715:7)
[2m20:06:28[22m [31m[1m[vite][22m[39m [31mhttp proxy error: /api/pdfs[39m
AggregateError [ECONNREFUSED]: 
    at internalConnectMultiple (node:net:1134:18)
    at afterConnectMultiple (node:net:1715:7)
[2m20:06:28[22m [31m[1m[vite][22m[39m [31mhttp proxy error: /api/track[39m
AggregateError [ECONNREFUSED]: 
    at internalConnectMultiple (node:net:1134:18)
    at afterConnectMultiple (node:net:1715:7)
[2m20:06:28[22m [31m[1m[vite][22m[39m [31mhttp proxy error: /api/health[39m
AggregateError [ECONNREFUSED]: 
    at internalConnectMultiple (node:net:1134:18)
    at afterConnectMultiple (node:net:1715:7)
[2m20:06:28[22m [31m[1m[vite][22m[39m [31mhttp proxy error: /api/companies[39m
AggregateError [ECONNREFUSED]: 
    at internalConnectMultiple (node:net:1134:18)
    at afterConnectMultiple (node:net:1715:7)
[2m20:06:28[22m [31m[1m[vite][22m[39m [31mhttp proxy error: /api/reports[39m
AggregateError [ECONNREFUSED]: 
    at internalConnectMultiple (node:net:1134:18)
    at afterConnectMultiple (node:net:1715:7)
[2m20:06:28[22m [31m[1m[vite][22m[39m [31mhttp proxy error: /api/pdfs[39m
AggregateError [ECONNREFUSED]: 
    at internalConnectMultiple (node:net:1134:18)
    at afterConnectMultiple (node:net:1715:7)
[2m20:06:28[22m [31m[1m[vite][22m[39m [31mhttp proxy error: /api/health[39m
AggregateError [ECONNREFUSED]: 
    at internalConnectMultiple (node:net:1134:18)
    at afterConnectMultiple (node:net:1715:7)
[2m20:06:28[22m [31m[1m[vite][22m[39m [31mhttp proxy error: /api/companies[39m
AggregateError [ECONNREFUSED]: 
    at internalConnectMultiple (node:net:1134:18)
    at afterConnectMultiple (node:net:1715:7)
[2m20:06:28[22m [31m[1m[vite][22m[39m [31mhttp proxy error: /api/reports[39m
AggregateError [ECONNREFUSED]: 
    at internalConnectMultiple (node:net:1134:18)
    at afterConnectMultiple (node:net:1715:7)
[2m20:54:30[22m [31m[1m[vite][22m[39m [31mhttp proxy error: /api/pdfs[39m
AggregateError [ECONNREFUSED]: 
    at internalConnectMultiple (node:net:1134:18)
    at afterConnectMultiple (node:net:1715:7)
[2m20:54:30[22m [31m[1m[vite][22m[39m [31mhttp proxy error: /api/health[39m
AggregateError [ECONNREFUSED]: 
    at internalConnectMultiple (node:net:1134:18)
    at afterConnectMultiple (node:net:1715:7)
[2m20:54:30[22m [31m[1m[vite][22m[39m [31mhttp proxy error: /api/companies[39m
AggregateError [ECONNREFUSED]: 
    at internalConnectMultiple (node:net:1134:18)
    at afterConnectMultiple (node:net:1715:7)
[2m20:54:30[22m [31m[1m[vite][22m[39m [31mhttp proxy error: /api/track[39m
AggregateError [ECONNREFUSED]: 
    at internalConnectMultiple (node:net:1134:18)
    at afterConnectMultiple (node:net:1715:7)
[2m20:54:30[22m [31m[1m[vite][22m[39m [31mhttp proxy error: /api/track[39m
AggregateError [ECONNREFUSED]: 
    at internalConnectMultiple (node:net:1134:18)
    at afterConnectMultiple (node:net:1715:7)
[2m20:54:30[22m [31m[1m[vite][22m[39m [31mhttp proxy error: /api/reports[39m
AggregateError [ECONNREFUSED]: 
    at internalConnectMultiple (node:net:1134:18)
    at afterConnectMultiple (node:net:1715:7)
[2m20:54:30[22m [31m[1m[vite][22m[39m [31mhttp proxy error: /api/pdfs[39m
AggregateError [ECONNREFUSED]: 
    at internalConnectMultiple (node:net:1134:18)
    at afterConnectMultiple (node:net:1715:7)
[2m20:54:30[22m [31m[1m[vite][22m[39m [31mhttp proxy error: /api/health[39m
AggregateError [ECONNREFUSED]: 
    at internalConnectMultiple (node:net:1134:18)
    at afterConnectMultiple (node:net:1715:7)
[2m20:54:30[22m [31m[1m[vite][22m[39m [31mhttp proxy error: /api/companies[39m
AggregateError [ECONNREFUSED]: 
    at internalConnectMultiple (node:net:1134:18)
    at afterConnectMultiple (node:net:1715:7)
[2m20:54:30[22m [31m[1m[vite][22m[39m [31mhttp proxy error: /api/reports[39m
AggregateError [ECONNREFUSED]: 
    at internalConnectMultiple (node:net:1134:18)
    at afterConnectMultiple (node:net:1715:7)
[2m21:45:50[22m [31m[1m[vite][22m[39m [31mhttp proxy error: /api/reports[39m
AggregateError [ECONNREFUSED]: 
    at internalConnectMultiple (node:net:1134:18)
    at afterConnectMultiple (node:net:1715:7)
[2m21:45:50[22m [31m[1m[vite][22m[39m [31mhttp proxy error: /api/health[39m
AggregateError [ECONNREFUSED]: 
    at internalConnectMultiple (node:net:1134:18)
    at afterConnectMultiple (node:net:1715:7)
[2m21:45:50[22m [31m[1m[vite][22m[39m [31mhttp proxy error: /api/pdfs[39m
AggregateError [ECONNREFUSED]: 
    at internalConnectMultiple (node:net:1134:18)
    at afterConnectMultiple (node:net:1715:7)
[2m21:45:50[22m [31m[1m[vite][22m[39m [31mhttp proxy error: /api/companies[39m
AggregateError [ECONNREFUSED]: 
    at internalConnectMultiple (node:net:1134:18)
    at afterConnectMultiple (node:net:1715:7)
[2m21:45:50[22m [31m[1m[vite][22m[39m [31mhttp proxy error: /api/track[39m
AggregateError [ECONNREFUSED]: 
    at internalConnectMultiple (node:net:1134:18)
    at afterConnectMultiple (node:net:1715:7)
[2m21:45:50[22m [31m[1m[vite][22m[39m [31mhttp proxy error: /api/track[39m
AggregateError [ECONNREFUSED]: 
    at internalConnectMultiple (node:net:1134:18)
    at afterConnectMultiple (node:net:1715:7)
[2m21:45:50[22m [31m[1m[vite][22m[39m [31mhttp proxy error: /api/reports[39m
AggregateError [ECONNREFUSED]: 
    at internalConnectMultiple (node:net:1134:18)
    at afterConnectMultiple (node:net:1715:7)
[2m21:45:50[22m [31m[1m[vite][22m[39m [31mhttp proxy error: /api/health[39m
AggregateError [ECONNREFUSED]: 
    at internalConnectMultiple (node:net:1134:18)
    at afterConnectMultiple (node:net:1715:7)
[2m21:45:50[22m [31m[1m[vite][22m[39m [31mhttp proxy error: /api/pdfs[39m
AggregateError [ECONNREFUSED]: 
    at internalConnectMultiple (node:net:1134:18)
    at afterConnectMultiple (node:net:1715:7)
[2m21:45:50[22m [31m[1m[vite][22m[39m [31mhttp proxy error: /api/companies[39m
AggregateError [ECONNREFUSED]: 
    at internalConnectMultiple (node:net:1134:18)
    at afterConnectMultiple (node:net:1715:7)
[2m21:58:28[22m [31m[1m[vite][22m[39m [31mhttp proxy error: /api/pdfs[39m
AggregateError [ECONNREFUSED]: 
    at internalConnectMultiple (node:net:1134:18)
    at afterConnectMultiple (node:net:1715:7)
[2m21:58:28[22m [31m[1m[vite][22m[39m [31mhttp proxy error: /api/health[39m
AggregateError [ECONNREFUSED]: 
    at internalConnectMultiple (node:net:1134:18)
    at afterConnectMultiple (node:net:1715:7)
[2m21:58:28[22m [31m[1m[vite][22m[39m [31mhttp proxy error: /api/companies[39m
AggregateError [ECONNREFUSED]: 
    at internalConnectMultiple (node:net:1134:18)
    at afterConnectMultiple (node:net:1715:7)
[2m21:58:28[22m [31m[1m[vite][22m[39m [31mhttp proxy error: /api/reports[39m
AggregateError [ECONNREFUSED]: 
    at internalConnectMultiple (node:net:1134:18)
    at afterConnectMultiple (node:net:1715:7)
[2m21:58:28[22m [31m[1m[vite][22m[39m [31mhttp proxy error: /api/track[39m
AggregateError [ECONNREFUSED]: 
    at internalConnectMultiple (node:net:1134:18)
    at afterConnectMultiple (node:net:1715:7)
[2m21:58:28[22m [31m[1m[vite][22m[39m [31mhttp proxy error: /api/track[39m
AggregateError [ECONNREFUSED]: 
    at internalConnectMultiple (node:net:1134:18)
    at afterConnectMultiple (node:net:1715:7)
[2m21:58:28[22m [31m[1m[vite][22m[39m [31mhttp proxy error: /api/pdfs[39m
AggregateError [ECONNREFUSED]: 
    at internalConnectMultiple (node:net:1134:18)
    at afterConnectMultiple (node:net:1715:7)
[2m21:58:28[22m [31m[1m[vite][22m[39m [31mhttp proxy error: /api/health[39m
AggregateError [ECONNREFUSED]: 
    at internalConnectMultiple (node:net:1134:18)
    at afterConnectMultiple (node:net:1715:7)
[2m21:58:28[22m [31m[1m[vite][22m[39m [31mhttp proxy error: /api/companies[39m
AggregateError [ECONNREFUSED]: 
    at internalConnectMultiple (node:net:1134:18)
    at afterConnectMultiple (node:net:1715:7)
[2m21:58:28[22m [31m[1m[vite][22m[39m [31mhttp proxy error: /api/reports[39m
AggregateError [ECONNREFUSED]: 
    at internalConnectMultiple (node:net:1134:18)
    at afterConnectMultiple (node:net:1715:7)
[2m21:58:29[22m [31m[1m[vite][22m[39m [31mhttp proxy error: /api/track[39m
AggregateError [ECONNREFUSED]: 
    at internalConnectMultiple (node:net:1134:18)
    at afterConnectMultiple (node:net:1715:7)
[2m21:58:29[22m [31m[1m[vite][22m[39m [31mhttp proxy error: /api/pdfs[39m
AggregateError [ECONNREFUSED]: 
    at internalConnectMultiple (node:net:1134:18)
    at afterConnectMultiple (node:net:1715:7)
[2m21:58:29[22m [31m[1m[vite][22m[39m [31mhttp proxy error: /api/health[39m
AggregateError [ECONNREFUSED]: 
    at internalConnectMultiple (node:net:1134:18)
    at afterConnectMultiple (node:net:1715:7)
[2m21:58:29[22m [31m[1m[vite][22m[39m [31mhttp proxy error: /api/companies[39m
AggregateError [ECONNREFUSED]: 
    at internalConnectMultiple (node:net:1134:18)
    at afterConnectMultiple (node:net:1715:7)
[2m21:58:29[22m [31m[1m[vite][22m[39m [31mhttp proxy error: /api/reports[39m
AggregateError [ECONNREFUSED]: 
    at internalConnectMultiple (node:net:1134:18)
    at afterConnectMultiple (node:net:1715:7)
[2m21:58:29[22m [31m[1m[vite][22m[39m [31mhttp proxy error: /api/track[39m
AggregateError [ECONNREFUSED]: 
    at internalConnectMultiple (node:net:1134:18)
    at afterConnectMultiple (node:net:1715:7)
[2m21:58:29[22m [31m[1m[vite][22m[39m [31mhttp proxy error: /api/pdfs[39m
AggregateError [ECONNREFUSED]: 
    at internalConnectMultiple (node:net:1134:18)
    at afterConnectMultiple (node:net:1715:7)
[2m21:58:29[22m [31m[1m[vite][22m[39m [31mhttp proxy error: /api/health[39m
AggregateError [ECONNREFUSED]: 
    at internalConnectMultiple (node:net:1134:18)
    at afterConnectMultiple (node:net:1715:7)
[2m21:58:29[22m [31m[1m[vite][22m[39m [31mhttp proxy error: /api/companies[39m
AggregateError [ECONNREFUSED]: 
    at internalConnectMultiple (node:net:1134:18)
    at afterConnectMultiple (node:net:1715:7)
[2m21:58:29[22m [31m[1m[vite][22m[39m [31mhttp proxy error: /api/reports[39m
AggregateError [ECONNREFUSED]: 
    at internalConnectMultiple (node:net:1134:18)
    at afterConnectMultiple (node:net:1715:7)
[2m21:59:14[22m [31m[1m[vite][22m[39m [31mhttp proxy error: /api/pdfs[39m
AggregateError [ECONNREFUSED]: 
    at internalConnectMultiple (node:net:1134:18)
    at afterConnectMultiple (node:net:1715:7)
[2m21:59:14[22m [31m[1m[vite][22m[39m [31mhttp proxy error: /api/health[39m
AggregateError [ECONNREFUSED]: 
    at internalConnectMultiple (node:net:1134:18)
    at afterConnectMultiple (node:net:1715:7)
[2m21:59:14[22m [31m[1m[vite][22m[39m [31mhttp proxy error: /api/track[39m
AggregateError [ECONNREFUSED]: 
    at internalConnectMultiple (node:net:1134:18)
    at afterConnectMultiple (node:net:1715:7)
[2m21:59:14[22m [31m[1m[vite][22m[39m [31mhttp proxy error: /api/companies[39m
AggregateError [ECONNREFUSED]: 
    at internalConnectMultiple (node:net:1134:18)
    at afterConnectMultiple (node:net:1715:7)
[2m21:59:14[22m [31m[1m[vite][22m[39m [31mhttp proxy error: /api/reports[39m
AggregateError [ECONNREFUSED]: 
    at internalConnectMultiple (node:net:1134:18)
    at afterConnectMultiple (node:net:1715:7)
[2m21:59:14[22m [31m[1m[vite][22m[39m [31mhttp proxy error: /api/track[39m
AggregateError [ECONNREFUSED]: 
    at internalConnectMultiple (node:net:1134:18)
    at afterConnectMultiple (node:net:1715:7)
[2m21:59:14[22m [31m[1m[vite][22m[39m [31mhttp proxy error: /api/pdfs[39m
AggregateError [ECONNREFUSED]: 
    at internalConnectMultiple (node:net:1134:18)
    at afterConnectMultiple (node:net:1715:7)
[2m21:59:14[22m [31m[1m[vite][22m[39m [31mhttp proxy error: /api/health[39m
AggregateError [ECONNREFUSED]: 
    at internalConnectMultiple (node:net:1134:18)
    at afterConnectMultiple (node:net:1715:7)
[2m21:59:14[22m [31m[1m[vite][22m[39m [31mhttp proxy error: /api/companies[39m
AggregateError [ECONNREFUSED]: 
    at internalConnectMultiple (node:net:1134:18)
    at afterConnectMultiple (node:net:1715:7)
[2m21:59:14[22m [31m[1m[vite][22m[39m [31mhttp proxy error: /api/reports[39m
AggregateError [ECONNREFUSED]: 
    at internalConnectMultiple (node:net:1134:18)
    at afterConnectMultiple (node:net:1715:7)
[2m21:59:36[22m [31m[1m[vite][22m[39m [31mhttp proxy error: /api/track[39m
AggregateError [ECONNREFUSED]: 
    at internalConnectMultiple (node:net:1134:18)
    at afterConnectMultiple (node:net:1715:7)
[2m21:59:36[22m [31m[1m[vite][22m[39m [31mhttp proxy error: /api/track[39m
AggregateError [ECONNREFUSED]: 
    at internalConnectMultiple (node:net:1134:18)
    at afterConnectMultiple (node:net:1715:7)
[2m21:59:37[22m [31m[1m[vite][22m[39m [31mhttp proxy error: /api/track[39m
AggregateError [ECONNREFUSED]: 
    at internalConnectMultiple (node:net:1134:18)
    at afterConnectMultiple (node:net:1715:7)
[2m21:59:37[22m [31m[1m[vite][22m[39m [31mhttp proxy error: /api/track[39m
AggregateError [ECONNREFUSED]: 
    at internalConnectMultiple (node:net:1134:18)
    at afterConnectMultiple (node:net:1715:7)
[2m21:59:38[22m [31m[1m[vite][22m[39m [31mhttp proxy error: /api/pdfs[39m
AggregateError [ECONNREFUSED]: 
    at internalConnectMultiple (node:net:1134:18)
    at afterConnectMultiple (node:net:1715:7)
[2m21:59:38[22m [31m[1m[vite][22m[39m [31mhttp proxy error: /api/health[39m
AggregateError [ECONNREFUSED]: 
    at internalConnectMultiple (node:net:1134:18)
    at afterConnectMultiple (node:net:1715:7)
[2m21:59:38[22m [31m[1m[vite][22m[39m [31mhttp proxy error: /api/reports[39m
AggregateError [ECONNREFUSED]: 
    at internalConnectMultiple (node:net:1134:18)
    at afterConnectMultiple (node:net:1715:7)
[2m21:59:38[22m [31m[1m[vite][22m[39m [31mhttp proxy error: /api/companies[39m
AggregateError [ECONNREFUSED]: 
    at internalConnectMultiple (node:net:1134:18)
    at afterConnectMultiple (node:net:1715:7)
[2m21:59:38[22m [31m[1m[vite][22m[39m [31mhttp proxy error: /api/pdfs[39m
AggregateError [ECONNREFUSED]: 
    at internalConnectMultiple (node:net:1134:18)
    at afterConnectMultiple (node:net:1715:7)
[2m21:59:45[22m [31m[1m[vite][22m[39m [31mhttp proxy error: /api/pdfs[39m
AggregateError [ECONNREFUSED]: 
    at internalConnectMultiple (node:net:1134:18)
    at afterConnectMultiple (node:net:1715:7)
[2m21:59:45[22m [31m[1m[vite][22m[39m [31mhttp proxy error: /api/health[39m
AggregateError [ECONNREFUSED]: 
    at internalConnectMultiple (node:net:1134:18)
    at afterConnectMultiple (node:net:1715:7)
[2m21:59:45[22m [31m[1m[vite][22m[39m [31mhttp proxy error: /api/companies[39m
AggregateError [ECONNREFUSED]: 
    at internalConnectMultiple (node:net:1134:18)
    at afterConnectMultiple (node:net:1715:7)
[2m21:59:45[22m [31m[1m[vite][22m[39m [31mhttp proxy error: /api/track[39m
AggregateError [ECONNREFUSED]: 
    at internalConnectMultiple (node:net:1134:18)
    at afterConnectMultiple (node:net:1715:7)
[2m21:59:45[22m [31m[1m[vite][22m[39m [31mhttp proxy error: /api/track[39m
AggregateError [ECONNREFUSED]: 
    at internalConnectMultiple (node:net:1134:18)
    at afterConnectMultiple (node:net:1715:7)
[2m21:59:45[22m [31m[1m[vite][22m[39m [31mhttp proxy error: /api/reports[39m
AggregateError [ECONNREFUSED]: 
    at internalConnectMultiple (node:net:1134:18)
    at afterConnectMultiple (node:net:1715:7)
[2m21:59:45[22m [31m[1m[vite][22m[39m [31mhttp proxy error: /api/companies[39m
AggregateError [ECONNREFUSED]: 
    at internalConnectMultiple (node:net:1134:18)
    at afterConnectMultiple (node:net:1715:7)
[2m21:59:45[22m [31m[1m[vite][22m[39m [31mhttp proxy error: /api/pdfs[39m
AggregateError [ECONNREFUSED]: 
    at internalConnectMultiple (node:net:1134:18)
    at afterConnectMultiple (node:net:1715:7)
[2m21:59:45[22m [31m[1m[vite][22m[39m [31mhttp proxy error: /api/health[39m
AggregateError [ECONNREFUSED]: 
    at internalConnectMultiple (node:net:1134:18)
    at afterConnectMultiple (node:net:1715:7)
[2m21:59:45[22m [31m[1m[vite][22m[39m [31mhttp proxy error: /api/reports[39m
AggregateError [ECONNREFUSED]: 
    at internalConnectMultiple (node:net:1134:18)
    at afterConnectMultiple (node:net:1715:7)
[2m21:59:45[22m [31m[1m[vite][22m[39m [31mhttp proxy error: /api/pdfs[39m
AggregateError [ECONNREFUSED]: 
    at internalConnectMultiple (node:net:1134:18)
    at afterConnectMultiple (node:net:1715:7)
[2m21:59:45[22m [31m[1m[vite][22m[39m [31mhttp proxy error: /api/track[39m
AggregateError [ECONNREFUSED]: 
    at internalConnectMultiple (node:net:1134:18)
    at afterConnectMultiple (node:net:1715:7)
[2m21:59:45[22m [31m[1m[vite][22m[39m [31mhttp proxy error: /api/health[39m
AggregateError [ECONNREFUSED]: 
    at internalConnectMultiple (node:net:1134:18)
    at afterConnectMultiple (node:net:1715:7)
[2m21:59:45[22m [31m[1m[vite][22m[39m [31mhttp proxy error: /api/companies[39m
AggregateError [ECONNREFUSED]: 
    at internalConnectMultiple (node:net:1134:18)
    at afterConnectMultiple (node:net:1715:7)
[2m21:59:45[22m [31m[1m[vite][22m[39m [31mhttp proxy error: /api/reports[39m
AggregateError [ECONNREFUSED]: 
    at internalConnectMultiple (node:net:1134:18)
    at afterConnectMultiple (node:net:1715:7)
[2m21:59:45[22m [31m[1m[vite][22m[39m [31mhttp proxy error: /api/track[39m
AggregateError [ECONNREFUSED]: 
    at internalConnectMultiple (node:net:1134:18)
    at afterConnectMultiple (node:net:1715:7)
[2m21:59:45[22m [31m[1m[vite][22m[39m [31mhttp proxy error: /api/pdfs[39m
AggregateError [ECONNREFUSED]: 
    at internalConnectMultiple (node:net:1134:18)
    at afterConnectMultiple (node:net:1715:7)
[2m21:59:45[22m [31m[1m[vite][22m[39m [31mhttp proxy error: /api/health[39m
AggregateError [ECONNREFUSED]: 
    at internalConnectMultiple (node:net:1134:18)
    at afterConnectMultiple (node:net:1715:7)
[2m21:59:45[22m [31m[1m[vite][22m[39m [31mhttp proxy error: /api/companies[39m
AggregateError [ECONNREFUSED]: 
    at internalConnectMultiple (node:net:1134:18)
    at afterConnectMultiple (node:net:1715:7)
[2m21:59:45[22m [31m[1m[vite][22m[39m [31mhttp proxy error: /api/reports[39m
AggregateError [ECONNREFUSED]: 
    at internalConnectMultiple (node:net:1134:18)
    at afterConnectMultiple (node:net:1715:7)
[2m21:59:46[22m [31m[1m[vite][22m[39m [31mhttp proxy error: /api/pdfs[39m
AggregateError [ECONNREFUSED]: 
    at internalConnectMultiple (node:net:1134:18)
    at afterConnectMultiple (node:net:1715:7)
[2m21:59:46[22m [31m[1m[vite][22m[39m [31mhttp proxy error: /api/health[39m
AggregateError [ECONNREFUSED]: 
    at internalConnectMultiple (node:net:1134:18)
    at afterConnectMultiple (node:net:1715:7)
[2m21:59:46[22m [31m[1m[vite][22m[39m [31mhttp proxy error: /api/companies[39m
AggregateError [ECONNREFUSED]: 
    at internalConnectMultiple (node:net:1134:18)
    at afterConnectMultiple (node:net:1715:7)
[2m21:59:46[22m [31m[1m[vite][22m[39m [31mhttp proxy error: /api/reports[39m
AggregateError [ECONNREFUSED]: 
    at internalConnectMultiple (node:net:1134:18)
    at afterConnectMultiple (node:net:1715:7)
[2m21:59:46[22m [31m[1m[vite][22m[39m [31mhttp proxy error: /api/track[39m
AggregateError [ECONNREFUSED]: 
    at internalConnectMultiple (node:net:1134:18)
    at afterConnectMultiple (node:net:1715:7)
[2m21:59:46[22m [31m[1m[vite][22m[39m [31mhttp proxy error: /api/pdfs[39m
AggregateError [ECONNREFUSED]: 
    at internalConnectMultiple (node:net:1134:18)
    at afterConnectMultiple (node:net:1715:7)
[2m21:59:46[22m [31m[1m[vite][22m[39m [31mhttp proxy error: /api/track[39m
AggregateError [ECONNREFUSED]: 
    at internalConnectMultiple (node:net:1134:18)
    at afterConnectMultiple (node:net:1715:7)
[2m21:59:46[22m [31m[1m[vite][22m[39m [31mhttp proxy error: /api/health[39m
AggregateError [ECONNREFUSED]: 
    at internalConnectMultiple (node:net:1134:18)
    at afterConnectMultiple (node:net:1715:7)
[2m21:59:46[22m [31m[1m[vite][22m[39m [31mhttp proxy error: /api/companies[39m
AggregateError [ECONNREFUSED]: 
    at internalConnectMultiple (node:net:1134:18)
    at afterConnectMultiple (node:net:1715:7)
[2m21:59:46[22m [31m[1m[vite][22m[39m [31mhttp proxy error: /api/reports[39m
AggregateError [ECONNREFUSED]: 
    at internalConnectMultiple (node:net:1134:18)
    at afterConnectMultiple (node:net:1715:7)
[2m22:00:07[22m [31m[1m[vite][22m[39m [31mhttp proxy error: /api/pdfs[39m
AggregateError [ECONNREFUSED]: 
    at internalConnectMultiple (node:net:1134:18)
    at afterConnectMultiple (node:net:1715:7)
[2m22:00:07[22m [31m[1m[vite][22m[39m [31mhttp proxy error: /api/track[39m
AggregateError [ECONNREFUSED]: 
    at internalConnectMultiple (node:net:1134:18)
    at afterConnectMultiple (node:net:1715:7)
[2m22:00:07[22m [31m[1m[vite][22m[39m [31mhttp proxy error: /api/track[39m
AggregateError [ECONNREFUSED]: 
    at internalConnectMultiple (node:net:1134:18)
    at afterConnectMultiple (node:net:1715:7)
[2m22:00:07[22m [31m[1m[vite][22m[39m [31mhttp proxy error: /api/health[39m
AggregateError [ECONNREFUSED]: 
    at internalConnectMultiple (node:net:1134:18)
    at afterConnectMultiple (node:net:1715:7)
[2m22:00:07[22m [31m[1m[vite][22m[39m [31mhttp proxy error: /api/reports[39m
AggregateError [ECONNREFUSED]: 
    at internalConnectMultiple (node:net:1134:18)
    at afterConnectMultiple (node:net:1715:7)
[2m22:00:07[22m [31m[1m[vite][22m[39m [31mhttp proxy error: /api/companies[39m
AggregateError [ECONNREFUSED]: 
    at internalConnectMultiple (node:net:1134:18)
    at afterConnectMultiple (node:net:1715:7)
[2m22:00:07[22m [31m[1m[vite][22m[39m [31mhttp proxy error: /api/pdfs[39m
AggregateError [ECONNREFUSED]: 
    at internalConnectMultiple (node:net:1134:18)
    at afterConnectMultiple (node:net:1715:7)
[2m22:00:07[22m [31m[1m[vite][22m[39m [31mhttp proxy error: /api/health[39m
AggregateError [ECONNREFUSED]: 
    at internalConnectMultiple (node:net:1134:18)
    at afterConnectMultiple (node:net:1715:7)
[2m22:00:07[22m [31m[1m[vite][22m[39m [31mhttp proxy error: /api/reports[39m
AggregateError [ECONNREFUSED]: 
    at internalConnectMultiple (node:net:1134:18)
    at afterConnectMultiple (node:net:1715:7)
[2m22:00:07[22m [31m[1m[vite][22m[39m [31mhttp proxy error: /api/companies[39m
AggregateError [ECONNREFUSED]: 
    at internalConnectMultiple (node:net:1134:18)
    at afterConnectMultiple (node:net:1715:7)
[2m22:00:39[22m [31m[1m[vite][22m[39m [31mhttp proxy error: /api/pdfs[39m
AggregateError [ECONNREFUSED]: 
    at internalConnectMultiple (node:net:1134:18)
    at afterConnectMultiple (node:net:1715:7)
[2m22:00:39[22m [31m[1m[vite][22m[39m [31mhttp proxy error: /api/track[39m
AggregateError [ECONNREFUSED]: 
    at internalConnectMultiple (node:net:1134:18)
    at afterConnectMultiple (node:net:1715:7)
[2m22:00:39[22m [31m[1m[vite][22m[39m [31mhttp proxy error: /api/track[39m
AggregateError [ECONNREFUSED]: 
    at internalConnectMultiple (node:net:1134:18)
    at afterConnectMultiple (node:net:1715:7)
[2m22:00:39[22m [31m[1m[vite][22m[39m [31mhttp proxy error: /api/health[39m
AggregateError [ECONNREFUSED]: 
    at internalConnectMultiple (node:net:1134:18)
    at afterConnectMultiple (node:net:1715:7)
[2m22:00:39[22m [31m[1m[vite][22m[39m [31mhttp proxy error: /api/companies[39m
AggregateError [ECONNREFUSED]: 
    at internalConnectMultiple (node:net:1134:18)
    at afterConnectMultiple (node:net:1715:7)
[2m22:00:39[22m [31m[1m[vite][22m[39m [31mhttp proxy error: /api/reports[39m
AggregateError [ECONNREFUSED]: 
    at internalConnectMultiple (node:net:1134:18)
    at afterConnectMultiple (node:net:1715:7)
[2m22:00:39[22m [31m[1m[vite][22m[39m [31mhttp proxy error: /api/pdfs[39m
AggregateError [ECONNREFUSED]: 
    at internalConnectMultiple (node:net:1134:18)
    at afterConnectMultiple (node:net:1715:7)
[2m22:00:39[22m [31m[1m[vite][22m[39m [31mhttp proxy error: /api/health[39m
AggregateError [ECONNREFUSED]: 
    at internalConnectMultiple (node:net:1134:18)
    at afterConnectMultiple (node:net:1715:7)
[2m22:00:39[22m [31m[1m[vite][22m[39m [31mhttp proxy error: /api/companies[39m
AggregateError [ECONNREFUSED]: 
    at internalConnectMultiple (node:net:1134:18)
    at afterConnectMultiple (node:net:1715:7)
[2m22:00:39[22m [31m[1m[vite][22m[39m [31mhttp proxy error: /api/reports[39m
AggregateError [ECONNREFUSED]: 
    at internalConnectMultiple (node:net:1134:18)
    at afterConnectMultiple (node:net:1715:7)
[2m22:01:07[22m [31m[1m[vite][22m[39m [31mhttp proxy error: /api/pdfs[39m
AggregateError [ECONNREFUSED]: 
    at internalConnectMultiple (node:net:1134:18)
    at afterConnectMultiple (node:net:1715:7)
[2m22:01:07[22m [31m[1m[vite][22m[39m [31mhttp proxy error: /api/health[39m
AggregateError [ECONNREFUSED]: 
    at internalConnectMultiple (node:net:1134:18)
    at afterConnectMultiple (node:net:1715:7)
[2m22:01:07[22m [31m[1m[vite][22m[39m [31mhttp proxy error: /api/track[39m
AggregateError [ECONNREFUSED]: 
    at internalConnectMultiple (node:net:1134:18)
    at afterConnectMultiple (node:net:1715:7)
[2m22:01:07[22m [31m[1m[vite][22m[39m [31mhttp proxy error: /api/track[39m
AggregateError [ECONNREFUSED]: 
    at internalConnectMultiple (node:net:1134:18)
    at afterConnectMultiple (node:net:1715:7)
[2m22:01:07[22m [31m[1m[vite][22m[39m [31mhttp proxy error: /api/companies[39m
AggregateError [ECONNREFUSED]: 
    at internalConnectMultiple (node:net:1134:18)
    at afterConnectMultiple (node:net:1715:7)
[2m22:01:07[22m [31m[1m[vite][22m[39m [31mhttp proxy error: /api/reports[39m
AggregateError [ECONNREFUSED]: 
    at internalConnectMultiple (node:net:1134:18)
    at afterConnectMultiple (node:net:1715:7)
[2m22:01:07[22m [31m[1m[vite][22m[39m [31mhttp proxy error: /api/pdfs[39m
AggregateError [ECONNREFUSED]: 
    at internalConnectMultiple (node:net:1134:18)
    at afterConnectMultiple (node:net:1715:7)
[2m22:01:07[22m [31m[1m[vite][22m[39m [31mhttp proxy error: /api/health[39m
AggregateError [ECONNREFUSED]: 
    at internalConnectMultiple (node:net:1134:18)
    at afterConnectMultiple (node:net:1715:7)
[2m22:01:07[22m [31m[1m[vite][22m[39m [31mhttp proxy error: /api/companies[39m
AggregateError [ECONNREFUSED]: 
    at internalConnectMultiple (node:net:1134:18)
    at afterConnectMultiple (node:net:1715:7)
[2m22:01:07[22m [31m[1m[vite][22m[39m [31mhttp proxy error: /api/reports[39m
AggregateError [ECONNREFUSED]: 
    at internalConnectMultiple (node:net:1134:18)
    at afterConnectMultiple (node:net:1715:7)
[2m22:01:47[22m [31m[1m[vite][22m[39m [31mhttp proxy error: /api/track[39m
AggregateError [ECONNREFUSED]: 
    at internalConnectMultiple (node:net:1134:18)
    at afterConnectMultiple (node:net:1715:7)
[2m22:01:47[22m [31m[1m[vite][22m[39m [31mhttp proxy error: /api/pdfs[39m
AggregateError [ECONNREFUSED]: 
    at internalConnectMultiple (node:net:1134:18)
    at afterConnectMultiple (node:net:1715:7)
[2m22:01:47[22m [31m[1m[vite][22m[39m [31mhttp proxy error: /api/health[39m
AggregateError [ECONNREFUSED]: 
    at internalConnectMultiple (node:net:1134:18)
    at afterConnectMultiple (node:net:1715:7)
[2m22:01:47[22m [31m[1m[vite][22m[39m [31mhttp proxy error: /api/companies[39m
AggregateError [ECONNREFUSED]: 
    at internalConnectMultiple (node:net:1134:18)
    at afterConnectMultiple (node:net:1715:7)
[2m22:01:47[22m [31m[1m[vite][22m[39m [31mhttp proxy error: /api/track[39m
AggregateError [ECONNREFUSED]: 
    at internalConnectMultiple (node:net:1134:18)
    at afterConnectMultiple (node:net:1715:7)
[2m22:01:47[22m [31m[1m[vite][22m[39m [31mhttp proxy error: /api/reports[39m
AggregateError [ECONNREFUSED]: 
    at internalConnectMultiple (node:net:1134:18)
    at afterConnectMultiple (node:net:1715:7)
[2m22:01:47[22m [31m[1m[vite][22m[39m [31mhttp proxy error: /api/pdfs[39m
AggregateError [ECONNREFUSED]: 
    at internalConnectMultiple (node:net:1134:18)
    at afterConnectMultiple (node:net:1715:7)
[2m22:01:47[22m [31m[1m[vite][22m[39m [31mhttp proxy error: /api/health[39m
AggregateError [ECONNREFUSED]: 
    at internalConnectMultiple (node:net:1134:18)
    at afterConnectMultiple (node:net:1715:7)
[2m22:01:47[22m [31m[1m[vite][22m[39m [31mhttp proxy error: /api/companies[39m
AggregateError [ECONNREFUSED]: 
    at internalConnectMultiple (node:net:1134:18)
    at afterConnectMultiple (node:net:1715:7)
[2m22:01:47[22m [31m[1m[vite][22m[39m [31mhttp proxy error: /api/reports[39m
AggregateError [ECONNREFUSED]: 
    at internalConnectMultiple (node:net:1134:18)
    at afterConnectMultiple (node:net:1715:7)
