Indexe : maroc_telecom_2023 (667 chunks)
Extraction de : annual_report.pdf (rapport « maroc_telecom_2024 »)
ECHEC  : maroc_telecom_2024 (PdfminerException: Unexpected EOF)
Extraction de : annual_report.pdf (rapport « maroc_telecom_2025 »)
  CSV    -> C:\Users\arhou\OneDrive\Bureau\projet omar\colab\chatbot-ammc\data\raw\maroc_telecom_2025\maroc_telecom_2025.csv (868 lignes)
  Chunks -> C:\Users\arhou\OneDrive\Bureau\projet omar\colab\chatbot-ammc\data\chunks\maroc_telecom_2025.json (202 morceaux)
Indexe : maroc_telecom_2025 (202 chunks)
Extraction de : annual_report.pdf (rapport « microdata_2021 »)
  CSV    -> C:\Users\arhou\OneDrive\Bureau\projet omar\colab\chatbot-ammc\data\raw\microdata_2021\microdata_2021.csv (543 lignes)
  Chunks -> C:\Users\arhou\OneDrive\Bureau\projet omar\colab\chatbot-ammc\data\chunks\microdata_2021.json (114 morceaux)
Indexe : microdata_2021 (114 chunks)
Extraction de : annual_report.pdf (rapport « microdata_2022 »)
  CSV    -> C:\Users\arhou\OneDrive\Bureau\projet omar\colab\chatbot-ammc\data\raw\microdata_2022\microdata_2022.csv (713 lignes)
  Chunks -> C:\Users\arhou\OneDrive\Bureau\projet omar\colab\chatbot-ammc\data\chunks\microdata_2022.json (138 morceaux)
Indexe : microdata_2022 (138 chunks)
Extraction de : annual_report.pdf (rapport « microdata_2023 »)
  CSV    -> C:\Users\arhou\OneDrive\Bureau\projet omar\colab\chatbot-ammc\data\raw\microdata_2023\microdata_2023.csv (718 lignes)
  Chunks -> C:\Users\arhou\OneDrive\Bureau\projet omar\colab\chatbot-ammc\data\chunks\microdata_2023.json (136 morceaux)
Indexe : microdata_2023 (136 chunks)
Extraction de : annual_report.pdf (rapport « microdata_2024 »)
  CSV    -> C:\Users\arhou\OneDrive\Bureau\projet omar\colab\chatbot-ammc\data\raw\microdata_2024\microdata_2024.csv (691 lignes)
  Chunks -> C:\Users\arhou\OneDrive\Bureau\projet omar\colab\chatbot-ammc\data\chunks\microdata_2024.json (115 morceaux)
Indexe : microdata_2024 (115 chunks)
Extraction de : annual_report.pdf (rapport « microdata_2025 »)
  CSV    -> C:\Users\arhou\OneDrive\Bureau\projet omar\colab\chatbot-ammc\data\raw\microdata_2025\microdata_2025.csv (66 lignes)
  Chunks -> C:\Users\arhou\OneDrive\Bureau\projet omar\colab\chatbot-ammc\data\chunks\microdata_2025.json (76 morceaux)
Indexe : microdata_2025 (76 chunks)
Extraction de : annual_report.pdf (rapport « s2m_2021 »)
  CSV    -> C:\Users\arhou\OneDrive\Bureau\projet omar\colab\chatbot-ammc\data\raw\s2m_2021\s2m_2021.csv (0 lignes)
  Chunks -> C:\Users\arhou\OneDrive\Bureau\projet omar\colab\chatbot-ammc\data\chunks\s2m_2021.json (53 morceaux)
Indexe : s2m_2021 (53 chunks)
Extraction de : annual_report.pdf (rapport « s2m_2022 »)
  CSV    -> C:\Users\arhou\OneDrive\Bureau\projet omar\colab\chatbot-ammc\data\raw\s2m_2022\s2m_2022.csv (147 lignes)
  Chunks -> C:\Users\arhou\OneDrive\Bureau\projet omar\colab\chatbot-ammc\data\chunks\s2m_2022.json (62 morceaux)
Indexe : s2m_2022 (62 chunks)
Extraction de : annual_report.pdf (rapport « s2m_2023 »)
  CSV    -> C:\Users\arhou\OneDrive\Bureau\projet omar\colab\chatbot-ammc\data\raw\s2m_2023\s2m_2023.csv (369 lignes)
  Chunks -> C:\Users\arhou\OneDrive\Bureau\projet omar\colab\chatbot-ammc\data\chunks\s2m_2023.json (125 morceaux)
Indexe : s2m_2023 (125 chunks)
Extraction de : annual_report.pdf (rapport « s2m_2024 »)
  CSV    -> C:\Users\arhou\OneDrive\Bureau\projet omar\colab\chatbot-ammc\data\raw\s2m_2024\s2m_2024.csv (554 lignes)
  Chunks -> C:\Users\arhou\OneDrive\Bureau\projet omar\colab\chatbot-ammc\data\chunks\s2m_2024.json (86 morceaux)
Indexe : s2m_2024 (86 chunks)
Extraction de : annual_report.pdf (rapport « s2m_2025 »)
  CSV    -> C:\Users\arhou\OneDrive\Bureau\projet omar\colab\chatbot-ammc\data\raw\s2m_2025\s2m_2025.csv (381 lignes)
  Chunks -> C:\Users\arhou\OneDrive\Bureau\projet omar\colab\chatbot-ammc\data\chunks\s2m_2025.json (105 morceaux)
Indexe : s2m_2025 (105 chunks)
Index global : 108921 chunks -> C:\Users\arhou\OneDrive\Bureau\projet omar\colab\chatbot-ammc\.chroma
1 rapport(s) en echec -> C:\Users\arhou\OneDrive\Bureau\projet omar\colab\chatbot-ammc\data\index_errors.json
  - maroc_telecom_2024: PdfminerException: Unexpected EOF
