Indexe : alliances_developpement_immobilier_adi_2023 (307 chunks)
Indexe : alliances_developpement_immobilier_adi_2024 (249 chunks)
Extraction de : annual_report.pdf (rapport « alliances_developpement_immobilier_adi_2025 »)
  CSV    -> C:\Users\arhou\OneDrive\Bureau\projet omar\colab\chatbot-ammc\data\raw\alliances_developpement_immobilier_adi_2025\alliances_developpement_immobilier_adi_2025.csv (1140 lignes)
  Chunks -> C:\Users\arhou\OneDrive\Bureau\projet omar\colab\chatbot-ammc\data\chunks\alliances_developpement_immobilier_adi_2025.json (185 morceaux)
Indexe : alliances_developpement_immobilier_adi_2025 (185 chunks)
Indexe : aradei_capital_2021 (137 chunks)
Indexe : aradei_capital_2022 (324 chunks)
Indexe : aradei_capital_2023 (204 chunks)
Indexe : aradei_capital_2024 (308 chunks)
Indexe : aradei_capital_2025 (418 chunks)
Indexe : balima_2021 (90 chunks)
Indexe : balima_2022 (100 chunks)
Extraction de : annual_report.pdf (rapport « balima_2023 »)
  CSV    -> C:\Users\arhou\OneDrive\Bureau\projet omar\colab\chatbot-ammc\data\raw\balima_2023\balima_2023.csv (75 lignes)
  Chunks -> C:\Users\arhou\OneDrive\Bureau\projet omar\colab\chatbot-ammc\data\chunks\balima_2023.json (83 morceaux)
Indexe : balima_2023 (83 chunks)
Extraction de : annual_report.pdf (rapport « balima_2024 »)
  CSV    -> C:\Users\arhou\OneDrive\Bureau\projet omar\colab\chatbot-ammc\data\raw\balima_2024\balima_2024.csv (153 lignes)
  Chunks -> C:\Users\arhou\OneDrive\Bureau\projet omar\colab\chatbot-ammc\data\chunks\balima_2024.json (127 morceaux)
Indexe : balima_2024 (127 chunks)
Extraction de : annual_report.pdf (rapport « balima_2025 »)
  CSV    -> C:\Users\arhou\OneDrive\Bureau\projet omar\colab\chatbot-ammc\data\raw\balima_2025\balima_2025.csv (779 lignes)
  Chunks -> C:\Users\arhou\OneDrive\Bureau\projet omar\colab\chatbot-ammc\data\chunks\balima_2025.json (164 morceaux)
Indexe : balima_2025 (164 chunks)
Extraction de : annual_report.pdf (rapport « holding_al_omrane_2021 »)
  CSV    -> C:\Users\arhou\OneDrive\Bureau\projet omar\colab\chatbot-ammc\data\raw\holding_al_omrane_2021\holding_al_omrane_2021.csv (908 lignes)
  Chunks -> C:\Users\arhou\OneDrive\Bureau\projet omar\colab\chatbot-ammc\data\chunks\holding_al_omrane_2021.json (242 morceaux)
Indexe : holding_al_omrane_2021 (242 chunks)
Extraction de : annual_report.pdf (rapport « holding_al_omrane_2022 »)
  CSV    -> C:\Users\arhou\OneDrive\Bureau\projet omar\colab\chatbot-ammc\data\raw\holding_al_omrane_2022\holding_al_omrane_2022.csv (1255 lignes)
  Chunks -> C:\Users\arhou\OneDrive\Bureau\projet omar\colab\chatbot-ammc\data\chunks\holding_al_omrane_2022.json (265 morceaux)
Indexe : holding_al_omrane_2022 (265 chunks)
Extraction de : annual_report.pdf (rapport « holding_al_omrane_2023 »)
  CSV    -> C:\Users\arhou\OneDrive\Bureau\projet omar\colab\chatbot-ammc\data\raw\holding_al_omrane_2023\holding_al_omrane_2023.csv (1518 lignes)
  Chunks -> C:\Users\arhou\OneDrive\Bureau\projet omar\colab\chatbot-ammc\data\chunks\holding_al_omrane_2023.json (265 morceaux)
Indexe : holding_al_omrane_2023 (265 chunks)
Extraction de : annual_report.pdf (rapport « holding_al_omrane_2024 »)
  CSV    -> C:\Users\arhou\OneDrive\Bureau\projet omar\colab\chatbot-ammc\data\raw\holding_al_omrane_2024\holding_al_omrane_2024.csv (1381 lignes)
  Chunks -> C:\Users\arhou\OneDrive\Bureau\projet omar\colab\chatbot-ammc\data\chunks\holding_al_omrane_2024.json (255 morceaux)
Indexe : holding_al_omrane_2024 (255 chunks)
Extraction de : annual_report.pdf (rapport « holding_al_omrane_2025 »)
  CSV    -> C:\Users\arhou\OneDrive\Bureau\projet omar\colab\chatbot-ammc\data\raw\holding_al_omrane_2025\holding_al_omrane_2025.csv (1506 lignes)
  Chunks -> C:\Users\arhou\OneDrive\Bureau\projet omar\colab\chatbot-ammc\data\chunks\holding_al_omrane_2025.json (282 morceaux)
Indexe : holding_al_omrane_2025 (282 chunks)
Extraction de : annual_report.pdf (rapport « immolog_2019 »)
  CSV    -> C:\Users\arhou\OneDrive\Bureau\projet omar\colab\chatbot-ammc\data\raw\immolog_2019\immolog_2019.csv (172 lignes)
  Chunks -> C:\Users\arhou\OneDrive\Bureau\projet omar\colab\chatbot-ammc\data\chunks\immolog_2019.json (82 morceaux)
Indexe : immolog_2019 (82 chunks)
Extraction de : annual_report.pdf (rapport « immorente_invest_2021 »)
  CSV    -> C:\Users\arhou\OneDrive\Bureau\projet omar\colab\chatbot-ammc\data\raw\immorente_invest_2021\immorente_invest_2021.csv (962 lignes)
  Chunks -> C:\Users\arhou\OneDrive\Bureau\projet omar\colab\chatbot-ammc\data\chunks\immorente_invest_2021.json (251 morceaux)
Indexe : immorente_invest_2021 (251 chunks)
Extraction de : annual_report.pdf (rapport « immorente_invest_2022 »)
  CSV    -> C:\Users\arhou\OneDrive\Bureau\projet omar\colab\chatbot-ammc\data\raw\immorente_invest_2022\immorente_invest_2022.csv (1281 lignes)
  Chunks -> C:\Users\arhou\OneDrive\Bureau\projet omar\colab\chatbot-ammc\data\chunks\immorente_invest_2022.json (216 morceaux)
Indexe : immorente_invest_2022 (216 chunks)
Extraction de : annual_report.pdf (rapport « immorente_invest_2023 »)
  CSV    -> C:\Users\arhou\OneDrive\Bureau\projet omar\colab\chatbot-ammc\data\raw\immorente_invest_2023\immorente_invest_2023.csv (1389 lignes)
  Chunks -> C:\Users\arhou\OneDrive\Bureau\projet omar\colab\chatbot-ammc\data\chunks\immorente_invest_2023.json (270 morceaux)
Indexe : immorente_invest_2023 (270 chunks)
Indexe : immorente_invest_2024 (149 chunks)
Extraction de : annual_report.pdf (rapport « immorente_invest_2025 »)
  CSV    -> C:\Users\arhou\OneDrive\Bureau\projet omar\colab\chatbot-ammc\data\raw\immorente_invest_2025\immorente_invest_2025.csv (1063 lignes)
  Chunks -> C:\Users\arhou\OneDrive\Bureau\projet omar\colab\chatbot-ammc\data\chunks\immorente_invest_2025.json (233 morceaux)
Indexe : immorente_invest_2025 (233 chunks)
Extraction de : annual_report.pdf (rapport « residences_dar_saada_rds_2021 »)
  CSV    -> C:\Users\arhou\OneDrive\Bureau\projet omar\colab\chatbot-ammc\data\raw\residences_dar_saada_rds_2021\residences_dar_saada_rds_2021.csv (691 lignes)
  Chunks -> C:\Users\arhou\OneDrive\Bureau\projet omar\colab\chatbot-ammc\data\chunks\residences_dar_saada_rds_2021.json (246 morceaux)
Indexe : residences_dar_saada_rds_2021 (246 chunks)
Extraction de : annual_report.pdf (rapport « residences_dar_saada_rds_2022 »)
  CSV    -> C:\Users\arhou\OneDrive\Bureau\projet omar\colab\chatbot-ammc\data\raw\residences_dar_saada_rds_2022\residences_dar_saada_rds_2022.csv (820 lignes)
  Chunks -> C:\Users\arhou\OneDrive\Bureau\projet omar\colab\chatbot-ammc\data\chunks\residences_dar_saada_rds_2022.json (225 morceaux)
Indexe : residences_dar_saada_rds_2022 (225 chunks)
Extraction de : annual_report.pdf (rapport « residences_dar_saada_rds_2023 »)
  CSV    -> C:\Users\arhou\OneDrive\Bureau\projet omar\colab\chatbot-ammc\data\raw\residences_dar_saada_rds_2023\residences_dar_saada_rds_2023.csv (756 lignes)
  Chunks -> C:\Users\arhou\OneDrive\Bureau\projet omar\colab\chatbot-ammc\data\chunks\residences_dar_saada_rds_2023.json (224 morceaux)
Indexe : residences_dar_saada_rds_2023 (224 chunks)
Extraction de : annual_report.pdf (rapport « residences_dar_saada_rds_2024 »)
  CSV    -> C:\Users\arhou\OneDrive\Bureau\projet omar\colab\chatbot-ammc\data\raw\residences_dar_saada_rds_2024\residences_dar_saada_rds_2024.csv (782 lignes)
  Chunks -> C:\Users\arhou\OneDrive\Bureau\projet omar\colab\chatbot-ammc\data\chunks\residences_dar_saada_rds_2024.json (156 morceaux)
Indexe : residences_dar_saada_rds_2024 (156 chunks)
Extraction de : annual_report.pdf (rapport « residences_dar_saada_rds_2025 »)
  CSV    -> C:\Users\arhou\OneDrive\Bureau\projet omar\colab\chatbot-ammc\data\raw\residences_dar_saada_rds_2025\residences_dar_saada_rds_2025.csv (744 lignes)
  Chunks -> C:\Users\arhou\OneDrive\Bureau\projet omar\colab\chatbot-ammc\data\chunks\residences_dar_saada_rds_2025.json (144 morceaux)
Indexe : residences_dar_saada_rds_2025 (144 chunks)
Extraction de : annual_report.pdf (rapport « risma_2021 »)
  CSV    -> C:\Users\arhou\OneDrive\Bureau\projet omar\colab\chatbot-ammc\data\raw\risma_2021\risma_2021.csv (364 lignes)
  Chunks -> C:\Users\arhou\OneDrive\Bureau\projet omar\colab\chatbot-ammc\data\chunks\risma_2021.json (178 morceaux)
Indexe : risma_2021 (178 chunks)
Extraction de : annual_report.pdf (rapport « risma_2022 »)
  CSV    -> C:\Users\arhou\OneDrive\Bureau\projet omar\colab\chatbot-ammc\data\raw\risma_2022\risma_2022.csv (679 lignes)
  Chunks -> C:\Users\arhou\OneDrive\Bureau\projet omar\colab\chatbot-ammc\data\chunks\risma_2022.json (193 morceaux)
Indexe : risma_2022 (193 chunks)
Extraction de : annual_report.pdf (rapport « risma_2023 »)
  CSV    -> C:\Users\arhou\OneDrive\Bureau\projet omar\colab\chatbot-ammc\data\raw\risma_2023\risma_2023.csv (183 lignes)
  Chunks -> C:\Users\arhou\OneDrive\Bureau\projet omar\colab\chatbot-ammc\data\chunks\risma_2023.json (225 morceaux)
Indexe : risma_2023 (225 chunks)
Extraction de : annual_report.pdf (rapport « risma_2024 »)
  CSV    -> C:\Users\arhou\OneDrive\Bureau\projet omar\colab\chatbot-ammc\data\raw\risma_2024\risma_2024.csv (84 lignes)
  Chunks -> C:\Users\arhou\OneDrive\Bureau\projet omar\colab\chatbot-ammc\data\chunks\risma_2024.json (219 morceaux)
Indexe : risma_2024 (219 chunks)
Extraction de : annual_report.pdf (rapport « risma_2025 »)
  CSV    -> C:\Users\arhou\OneDrive\Bureau\projet omar\colab\chatbot-ammc\data\raw\risma_2025\risma_2025.csv (336 lignes)
  Chunks -> C:\Users\arhou\OneDrive\Bureau\projet omar\colab\chatbot-ammc\data\chunks\risma_2025.json (257 morceaux)
Indexe : risma_2025 (257 chunks)
Extraction de : annual_report.pdf (rapport « disty_technologies_2022 »)
  CSV    -> C:\Users\arhou\OneDrive\Bureau\projet omar\colab\chatbot-ammc\data\raw\disty_technologies_2022\disty_technologies_2022.csv (613 lignes)
  Chunks -> C:\Users\arhou\OneDrive\Bureau\projet omar\colab\chatbot-ammc\data\chunks\disty_technologies_2022.json (80 morceaux)
Indexe : disty_technologies_2022 (80 chunks)
Extraction de : annual_report.pdf (rapport « disty_technologies_2023 »)
  CSV    -> C:\Users\arhou\OneDrive\Bureau\projet omar\colab\chatbot-ammc\data\raw\disty_technologies_2023\disty_technologies_2023.csv (602 lignes)
  Chunks -> C:\Users\arhou\OneDrive\Bureau\projet omar\colab\chatbot-ammc\data\chunks\disty_technologies_2023.json (210 morceaux)
Indexe : disty_technologies_2023 (210 chunks)
Extraction de : annual_report.pdf (rapport « disty_technologies_2024 »)
  CSV    -> C:\Users\arhou\OneDrive\Bureau\projet omar\colab\chatbot-ammc\data\raw\disty_technologies_2024\disty_technologies_2024.csv (552 lignes)
  Chunks -> C:\Users\arhou\OneDrive\Bureau\projet omar\colab\chatbot-ammc\data\chunks\disty_technologies_2024.json (84 morceaux)
Indexe : disty_technologies_2024 (84 chunks)
Extraction de : annual_report.pdf (rapport « disty_technologies_2025 »)
  CSV    -> C:\Users\arhou\OneDrive\Bureau\projet omar\colab\chatbot-ammc\data\raw\disty_technologies_2025\disty_technologies_2025.csv (456 lignes)
  Chunks -> C:\Users\arhou\OneDrive\Bureau\projet omar\colab\chatbot-ammc\data\chunks\disty_technologies_2025.json (79 morceaux)
Indexe : disty_technologies_2025 (79 chunks)
Extraction de : annual_report.pdf (rapport « disway_2021 »)
  CSV    -> C:\Users\arhou\OneDrive\Bureau\projet omar\colab\chatbot-ammc\data\raw\disway_2021\disway_2021.csv (598 lignes)
  Chunks -> C:\Users\arhou\OneDrive\Bureau\projet omar\colab\chatbot-ammc\data\chunks\disway_2021.json (158 morceaux)
Indexe : disway_2021 (158 chunks)
Extraction de : annual_report.pdf (rapport « disway_2022 »)
  CSV    -> C:\Users\arhou\OneDrive\Bureau\projet omar\colab\chatbot-ammc\data\raw\disway_2022\disway_2022.csv (598 lignes)
  Chunks -> C:\Users\arhou\OneDrive\Bureau\projet omar\colab\chatbot-ammc\data\chunks\disway_2022.json (159 morceaux)
Indexe : disway_2022 (159 chunks)
Extraction de : annual_report.pdf (rapport « disway_2023 »)
  CSV    -> C:\Users\arhou\OneDrive\Bureau\projet omar\colab\chatbot-ammc\data\raw\disway_2023\disway_2023.csv (498 lignes)
  Chunks -> C:\Users\arhou\OneDrive\Bureau\projet omar\colab\chatbot-ammc\data\chunks\disway_2023.json (142 morceaux)
Indexe : disway_2023 (142 chunks)
Extraction de : annual_report.pdf (rapport « disway_2024 »)
  CSV    -> C:\Users\arhou\OneDrive\Bureau\projet omar\colab\chatbot-ammc\data\raw\disway_2024\disway_2024.csv (495 lignes)
  Chunks -> C:\Users\arhou\OneDrive\Bureau\projet omar\colab\chatbot-ammc\data\chunks\disway_2024.json (152 morceaux)
Indexe : disway_2024 (152 chunks)
Extraction de : annual_report.pdf (rapport « disway_2025 »)
  CSV    -> C:\Users\arhou\OneDrive\Bureau\projet omar\colab\chatbot-ammc\data\raw\disway_2025\disway_2025.csv (488 lignes)
  Chunks -> C:\Users\arhou\OneDrive\Bureau\projet omar\colab\chatbot-ammc\data\chunks\disway_2025.json (129 morceaux)
Indexe : disway_2025 (129 chunks)
Extraction de : annual_report.pdf (rapport « hps_sa_2021 »)
  CSV    -> C:\Users\arhou\OneDrive\Bureau\projet omar\colab\chatbot-ammc\data\raw\hps_sa_2021\hps_sa_2021.csv (104 lignes)
  Chunks -> C:\Users\arhou\OneDrive\Bureau\projet omar\colab\chatbot-ammc\data\chunks\hps_sa_2021.json (157 morceaux)
Indexe : hps_sa_2021 (157 chunks)
Extraction de : annual_report.pdf (rapport « hps_sa_2022 »)
  CSV    -> C:\Users\arhou\OneDrive\Bureau\projet omar\colab\chatbot-ammc\data\raw\hps_sa_2022\hps_sa_2022.csv (256 lignes)
  Chunks -> C:\Users\arhou\OneDrive\Bureau\projet omar\colab\chatbot-ammc\data\chunks\hps_sa_2022.json (193 morceaux)
Indexe : hps_sa_2022 (193 chunks)
Extraction de : annual_report.pdf (rapport « hps_sa_2023 »)
  CSV    -> C:\Users\arhou\OneDrive\Bureau\projet omar\colab\chatbot-ammc\data\raw\hps_sa_2023\hps_sa_2023.csv (352 lignes)
  Chunks -> C:\Users\arhou\OneDrive\Bureau\projet omar\colab\chatbot-ammc\data\chunks\hps_sa_2023.json (216 morceaux)
Indexe : hps_sa_2023 (216 chunks)
Extraction de : annual_report.pdf (rapport « hps_sa_2024 »)
  CSV    -> C:\Users\arhou\OneDrive\Bureau\projet omar\colab\chatbot-ammc\data\raw\hps_sa_2024\hps_sa_2024.csv (12 lignes)
  Chunks -> C:\Users\arhou\OneDrive\Bureau\projet omar\colab\chatbot-ammc\data\chunks\hps_sa_2024.json (194 morceaux)
Indexe : hps_sa_2024 (194 chunks)
Extraction de : annual_report.pdf (rapport « hps_sa_2025 »)
  CSV    -> C:\Users\arhou\OneDrive\Bureau\projet omar\colab\chatbot-ammc\data\raw\hps_sa_2025\hps_sa_2025.csv (246 lignes)
  Chunks -> C:\Users\arhou\OneDrive\Bureau\projet omar\colab\chatbot-ammc\data\chunks\hps_sa_2025.json (226 morceaux)
Indexe : hps_sa_2025 (226 chunks)
Extraction de : annual_report.pdf (rapport « involys_2020 »)
  CSV    -> C:\Users\arhou\OneDrive\Bureau\projet omar\colab\chatbot-ammc\data\raw\involys_2020\involys_2020.csv (16 lignes)
  Chunks -> C:\Users\arhou\OneDrive\Bureau\projet omar\colab\chatbot-ammc\data\chunks\involys_2020.json (115 morceaux)
Indexe : involys_2020 (115 chunks)
Extraction de : annual_report.pdf (rapport « involys_2021 »)
  CSV    -> C:\Users\arhou\OneDrive\Bureau\projet omar\colab\chatbot-ammc\data\raw\involys_2021\involys_2021.csv (389 lignes)
  Chunks -> C:\Users\arhou\OneDrive\Bureau\projet omar\colab\chatbot-ammc\data\chunks\involys_2021.json (140 morceaux)
Indexe : involys_2021 (140 chunks)
Extraction de : annual_report.pdf (rapport « involys_2022 »)
  CSV    -> C:\Users\arhou\OneDrive\Bureau\projet omar\colab\chatbot-ammc\data\raw\involys_2022\involys_2022.csv (16 lignes)
  Chunks -> C:\Users\arhou\OneDrive\Bureau\projet omar\colab\chatbot-ammc\data\chunks\involys_2022.json (88 morceaux)
Indexe : involys_2022 (88 chunks)
Extraction de : annual_report.pdf (rapport « involys_2023 »)
  CSV    -> C:\Users\arhou\OneDrive\Bureau\projet omar\colab\chatbot-ammc\data\raw\involys_2023\involys_2023.csv (17 lignes)
  Chunks -> C:\Users\arhou\OneDrive\Bureau\projet omar\colab\chatbot-ammc\data\chunks\involys_2023.json (87 morceaux)
Indexe : involys_2023 (87 chunks)
Extraction de : annual_report.pdf (rapport « involys_2025 »)
  CSV    -> C:\Users\arhou\OneDrive\Bureau\projet omar\colab\chatbot-ammc\data\raw\involys_2025\involys_2025.csv (15 lignes)
  Chunks -> C:\Users\arhou\OneDrive\Bureau\projet omar\colab\chatbot-ammc\data\chunks\involys_2025.json (93 morceaux)
Indexe : involys_2025 (93 chunks)
Extraction de : annual_report.pdf (rapport « m2m_group_2021 »)
  CSV    -> C:\Users\arhou\OneDrive\Bureau\projet omar\colab\chatbot-ammc\data\raw\m2m_group_2021\m2m_group_2021.csv (353 lignes)
  Chunks -> C:\Users\arhou\OneDrive\Bureau\projet omar\colab\chatbot-ammc\data\chunks\m2m_group_2021.json (124 morceaux)
Indexe : m2m_group_2021 (124 chunks)
Extraction de : annual_report.pdf (rapport « m2m_group_2022 »)
  CSV    -> C:\Users\arhou\OneDrive\Bureau\projet omar\colab\chatbot-ammc\data\raw\m2m_group_2022\m2m_group_2022.csv (577 lignes)
  Chunks -> C:\Users\arhou\OneDrive\Bureau\projet omar\colab\chatbot-ammc\data\chunks\m2m_group_2022.json (122 morceaux)
Indexe : m2m_group_2022 (122 chunks)
Extraction de : annual_report.pdf (rapport « m2m_group_2023 »)
  CSV    -> C:\Users\arhou\OneDrive\Bureau\projet omar\colab\chatbot-ammc\data\raw\m2m_group_2023\m2m_group_2023.csv (298 lignes)
  Chunks -> C:\Users\arhou\OneDrive\Bureau\projet omar\colab\chatbot-ammc\data\chunks\m2m_group_2023.json (154 morceaux)
Indexe : m2m_group_2023 (154 chunks)
Extraction de : annual_report.pdf (rapport « m2m_group_2024 »)
  CSV    -> C:\Users\arhou\OneDrive\Bureau\projet omar\colab\chatbot-ammc\data\raw\m2m_group_2024\m2m_group_2024.csv (319 lignes)
  Chunks -> C:\Users\arhou\OneDrive\Bureau\projet omar\colab\chatbot-ammc\data\chunks\m2m_group_2024.json (130 morceaux)
Indexe : m2m_group_2024 (130 chunks)
Extraction de : annual_report.pdf (rapport « m2m_group_2025 »)
  CSV    -> C:\Users\arhou\OneDrive\Bureau\projet omar\colab\chatbot-ammc\data\raw\m2m_group_2025\m2m_group_2025.csv (324 lignes)
  Chunks -> C:\Users\arhou\OneDrive\Bureau\projet omar\colab\chatbot-ammc\data\chunks\m2m_group_2025.json (152 morceaux)
Indexe : m2m_group_2025 (152 chunks)
Extraction de : annual_report.pdf (rapport « maroc_telecom_2021 »)
  CSV    -> C:\Users\arhou\OneDrive\Bureau\projet omar\colab\chatbot-ammc\data\raw\maroc_telecom_2021\maroc_telecom_2021.csv (1288 lignes)
  Chunks -> C:\Users\arhou\OneDrive\Bureau\projet omar\colab\chatbot-ammc\data\chunks\maroc_telecom_2021.json (670 morceaux)
Indexe : maroc_telecom_2021 (670 chunks)
Extraction de : annual_report.pdf (rapport « maroc_telecom_2022 »)
  CSV    -> C:\Users\arhou\OneDrive\Bureau\projet omar\colab\chatbot-ammc\data\raw\maroc_telecom_2022\maroc_telecom_2022.csv (1285 lignes)
  Chunks -> C:\Users\arhou\OneDrive\Bureau\projet omar\colab\chatbot-ammc\data\chunks\maroc_telecom_2022.json (676 morceaux)
Indexe : maroc_telecom_2022 (676 chunks)
Extraction de : annual_report.pdf (rapport « maroc_telecom_2023 »)
  CSV    -> C:\Users\arhou\OneDrive\Bureau\projet omar\colab\chatbot-ammc\data\raw\maroc_telecom_2023\maroc_telecom_2023.csv (1304 lignes)
  Chunks -> C:\Users\arhou\OneDrive\Bureau\projet omar\colab\chatbot-ammc\data\chunks\maroc_telecom_2023.json (667 morceaux)
Indexe : maroc_telecom_2023 (667 chunks)
Extraction de : annual_report.pdf (rapport « maroc_telecom_2024 »)
